[2017-10-12 22:58:47] [INFO] test_goto_login: test START 
[2017-10-12 22:58:50] [INFO] [(1, '登录页面跳转测试 ', 'Pass', '2017-10-12 22:58:47', '2017-10-12 22:58:50', '0:00:03', '')]
[2017-10-12 22:58:53] [INFO] <xlrd.book.Book object at 0x0000000003B845C0>
[2017-10-12 22:58:53] [INFO] <xlwt.Workbook.Workbook object at 0x0000000003D4D0B8>
[2017-10-12 22:59:12] [INFO] [(2, '正确密码是否可成功登录测试 ', 'Pass', '2017-10-12 22:58:59', '2017-10-12 22:59:12', '0:00:13', '')]
[2017-10-12 22:59:15] [INFO] <xlrd.book.Book object at 0x0000000003B85588>
[2017-10-12 22:59:15] [INFO] <xlwt.Workbook.Workbook object at 0x0000000003C09940>
[2017-10-12 22:59:38] [INFO] [(3, '是否能顺利跳转到wan 界面 ', 'Pass', '2017-10-12 22:59:21', '2017-10-12 22:59:38', '0:00:17', '')]
[2017-10-12 22:59:41] [INFO] <xlrd.book.Book object at 0x0000000003B69198>
[2017-10-12 22:59:41] [INFO] <xlwt.Workbook.Workbook object at 0x0000000003C9DF28>
[2017-10-12 23:00:16] [INFO] 请输入IP地址。
[2017-10-12 23:00:16] [INFO] [(4, '没有IP地址输入时的错误信息提示 ', 'Pass', '2017-10-12 22:59:46', '2017-10-12 23:00:16', '0:00:30', '')]
[2017-10-12 23:00:19] [INFO] <xlrd.book.Book object at 0x0000000003B6A0F0>
[2017-10-12 23:00:19] [INFO] <xlwt.Workbook.Workbook object at 0x0000000003D43128>
[2017-10-12 23:00:34] [INFO] [(5, '不填写密码时的提示信息是否正确 ', 'Pass', '2017-10-12 23:00:24', '2017-10-12 23:00:34', '0:00:10', '')]
[2017-10-12 23:00:37] [INFO] <xlrd.book.Book object at 0x0000000003B85588>
[2017-10-12 23:00:37] [INFO] <xlwt.Workbook.Workbook object at 0x0000000003C88D30>
[2017-10-12 23:00:51] [INFO] [(6, '登录密码错误时提示信息是否正确 ', 'Pass', '2017-10-12 23:00:42', '2017-10-12 23:00:51', '0:00:09', '')]
[2017-10-12 23:00:54] [INFO] <xlrd.book.Book object at 0x0000000003B85588>
[2017-10-12 23:00:54] [INFO] <xlwt.Workbook.Workbook object at 0x0000000003C0BDD8>
[2017-10-12 23:01:29] [INFO] 请输入子网掩码。
[2017-10-12 23:01:29] [INFO] [(7, '不输入子网掩码时的错误信息提示 ', 'Pass', '2017-10-12 23:00:59', '2017-10-12 23:01:29', '0:00:30', '')]
[2017-10-12 23:01:32] [INFO] <xlrd.book.Book object at 0x0000000003B69160>
[2017-10-12 23:01:32] [INFO] <xlwt.Workbook.Workbook object at 0x0000000003C96358>
[2017-10-12 23:02:07] [INFO] 请输入默认网关地址。
[2017-10-12 23:02:07] [INFO] [(8, '不输入默认网关时的错误信息提示 ', 'Pass', '2017-10-12 23:01:37', '2017-10-12 23:02:07', '0:00:30', '')]
[2017-10-12 23:02:10] [INFO] <xlrd.book.Book object at 0x0000000003B69160>
[2017-10-12 23:02:10] [INFO] <xlwt.Workbook.Workbook object at 0x0000000003C1A3C8>
[2017-10-12 23:02:43] [INFO] IP地址含非法字符，请重新输入。
[2017-10-12 23:02:46] [INFO] IP地址含非法字符，请重新输入。
[2017-10-12 23:02:50] [INFO] IP地址含非法字符，请重新输入。
[2017-10-12 23:02:53] [INFO] IP地址含非法字符，请重新输入。
[2017-10-12 23:02:56] [INFO] IP地址格式错误，请重新输入。
[2017-10-12 23:03:00] [INFO] IP地址含非法字符，请重新输入。
[2017-10-12 23:03:00] [INFO] [(9, '非法格式的IP地址输入时提示信息检查 ', 'Pass', '2017-10-12 23:02:15', '2017-10-12 23:03:00', '0:00:45', '')]
[2017-10-12 23:03:03] [INFO] <xlrd.book.Book object at 0x0000000003B68160>
[2017-10-12 23:03:03] [INFO] <xlwt.Workbook.Workbook object at 0x0000000003C19390>
[2017-10-12 23:03:39] [INFO] 子网掩码不正确，请重新输入。
[2017-10-12 23:03:44] [INFO] 子网掩码不正确，请重新输入。
[2017-10-12 23:03:49] [INFO] 子网掩码不正确，请重新输入。
[2017-10-12 23:03:55] [INFO] 子网掩码不正确，请重新输入。
[2017-10-12 23:04:00] [INFO] 子网掩码不正确，请重新输入。
[2017-10-12 23:04:05] [INFO] 子网掩码不正确，请重新输入。
[2017-10-12 23:04:05] [INFO] [(10, '非法格式的子网掩码输入时，提示信息检查 ', 'Pass', '2017-10-12 23:03:08', '2017-10-12 23:04:05', '0:00:57', '')]
[2017-10-12 23:04:08] [INFO] <xlrd.book.Book object at 0x0000000003B6A128>
[2017-10-12 23:04:08] [INFO] <xlwt.Workbook.Workbook object at 0x0000000003C1E048>
[2017-10-12 23:04:44] [INFO] 默认网关错误，请重新输入。
[2017-10-12 23:04:49] [INFO] 默认网关错误，请重新输入。
[2017-10-12 23:04:54] [INFO] 默认网关错误，请重新输入。
[2017-10-12 23:05:00] [INFO] 默认网关错误，请重新输入。
[2017-10-12 23:05:05] [INFO] 默认网关错误，请重新输入。
[2017-10-12 23:05:11] [INFO] 默认网关错误，请重新输入。
[2017-10-12 23:05:11] [INFO] [(11, '非法格式的默认网关输入时，提示信息检查 ', 'Pass', '2017-10-12 23:04:13', '2017-10-12 23:05:11', '0:00:58', '')]
[2017-10-12 23:05:14] [INFO] <xlrd.book.Book object at 0x0000000003B6A128>
[2017-10-12 23:05:14] [INFO] <xlwt.Workbook.Workbook object at 0x0000000003CC00B8>
[2017-10-12 23:06:02] [INFO] [(12, '是否可以成功设置静态IP ', 'Pass', '2017-10-12 23:05:19', '2017-10-12 23:06:02', '0:00:43', '')]
[2017-10-12 23:06:02] [INFO] 测试完成后将上网方式恢复为自动获取
[2017-10-12 23:06:25] [INFO] <xlrd.book.Book object at 0x0000000003B6A0F0>
[2017-10-12 23:06:25] [INFO] <xlwt.Workbook.Workbook object at 0x0000000003CBE550>
[2017-10-12 23:06:53] [INFO] [(13, '是否能顺利跳转到lan页面 ', 'Pass', '2017-10-12 23:06:30', '2017-10-12 23:06:53', '0:00:23', '')]
[2017-10-12 23:06:56] [INFO] <xlrd.book.Book object at 0x0000000003B68400>
[2017-10-12 23:06:56] [INFO] <xlwt.Workbook.Workbook object at 0x0000000003C8F5F8>
[2017-10-12 23:07:19] [INFO] 默认的局域网地址:
[2017-10-12 23:07:19] [INFO] 默认的dhcp状态是：checkbox_off
[2017-10-12 23:07:19] [INFO] 默认的初始IP地址池：
[2017-10-12 23:07:19] [INFO] 默认的结束IP地址池： 
[2017-10-12 23:07:19] [INFO] [(14, 'lan页面默认项检查 ', 'Pass', '2017-10-12 23:07:01', '2017-10-12 23:07:19', '0:00:18', '')]
[2017-10-12 23:07:22] [INFO] <xlrd.book.Book object at 0x0000000003B68390>
[2017-10-12 23:07:22] [INFO] <xlwt.Workbook.Workbook object at 0x0000000003C126D8>
[2017-10-12 23:07:55] [INFO] [(15, 'lan页面不输入局域网地址时的提示语检查 ', 'Pass', '2017-10-12 23:07:27', '2017-10-12 23:07:55', '0:00:28', '')]
[2017-10-12 23:07:58] [INFO] <xlrd.book.Book object at 0x0000000003B681D0>
[2017-10-12 23:07:58] [INFO] <xlwt.Workbook.Workbook object at 0x0000000003C13780>
[2017-10-12 23:08:28] [INFO] IP地址含非法字符，请重新输入。
[2017-10-12 23:08:31] [INFO] IP地址含非法字符，请重新输入。
[2017-10-12 23:08:33] [INFO] IP地址含非法字符，请重新输入。
[2017-10-12 23:08:35] [INFO] IP地址含非法字符，请重新输入。
[2017-10-12 23:08:37] [INFO] IP地址格式错误，请重新输入。
[2017-10-12 23:08:39] [INFO] IP地址含非法字符，请重新输入。
[2017-10-12 23:08:39] [INFO] [(16, 'lan页面输入格式错误的局域网地址时的提示语检查 ', 'Pass', '2017-10-12 23:08:04', '2017-10-12 23:08:39', '0:00:35', '')]
[2017-10-12 23:08:43] [INFO] <xlrd.book.Book object at 0x0000000003B68358>
[2017-10-12 23:08:43] [INFO] <xlwt.Workbook.Workbook object at 0x0000000003CB9828>
[2017-10-12 23:10:19] [INFO] [(17, 'lan页面修改局域网地址是否可以成功 ', 'Pass', '2017-10-12 23:08:48', '2017-10-12 23:10:19', '0:01:31', '')]
[2017-10-12 23:10:19] [INFO] 测试完成后修改到原来的IP
[2017-10-12 23:11:35] [INFO] <xlrd.book.Book object at 0x0000000003B68400>
[2017-10-12 23:11:35] [INFO] <xlwt.Workbook.Workbook object at 0x0000000003BC66D8>
[2017-10-12 23:12:14] [INFO] 地址池开始值错误，请重新输入。
[2017-10-12 23:12:14] [INFO] [(18, '开始IP地址非法时提示信息检查 ', 'Pass', '2017-10-12 23:11:40', '2017-10-12 23:12:14', '0:00:34', '')]
[2017-10-12 23:12:17] [INFO] <xlrd.book.Book object at 0x0000000003B68400>
[2017-10-12 23:12:17] [INFO] <xlwt.Workbook.Workbook object at 0x0000000003C16A58>
[2017-10-12 23:12:53] [INFO] 地址池结束值错误，请重新输入。
[2017-10-12 23:12:53] [INFO] [(19, '结束IP地址非法时提示信息检查 ', 'Pass', '2017-10-12 23:12:22', '2017-10-12 23:12:53', '0:00:31', '')]
[2017-10-12 23:12:56] [INFO] <xlrd.book.Book object at 0x0000000003B683C8>
[2017-10-12 23:12:56] [INFO] <xlwt.Workbook.Workbook object at 0x0000000003CB6A90>
[2017-10-12 23:13:34] [INFO] 地址池结束值不能小于开始值，请重新输入。
[2017-10-12 23:13:34] [INFO] [(20, '开始IP地址大于结束IP地址时，提示语检查 ', 'Pass', '2017-10-12 23:13:01', '2017-10-12 23:13:34', '0:00:33', '')]
[2017-10-12 23:13:37] [INFO] <xlrd.book.Book object at 0x0000000003B68400>
[2017-10-12 23:13:37] [INFO] <xlwt.Workbook.Workbook object at 0x0000000003C16B00>
[2017-10-12 23:14:21] [INFO] [(21, '开始ip地址和结束IP地址都合法时，是否可以成功保存 ', 'Pass', '2017-10-12 23:13:43', '2017-10-12 23:14:21', '0:00:38', '')]
[2017-10-12 23:14:24] [INFO] <xlrd.book.Book object at 0x0000000003B68400>
[2017-10-12 23:14:24] [INFO] <xlwt.Workbook.Workbook object at 0x0000000003D26B70>
[2017-10-12 23:14:57] [INFO] [(22, 'DHCP 能否被正确关闭 ', 'Pass', '2017-10-12 23:14:29', '2017-10-12 23:14:57', '0:00:28', '')]
[2017-10-12 23:15:00] [INFO] <xlrd.book.Book object at 0x0000000003B68320>
[2017-10-12 23:15:00] [INFO] <xlwt.Workbook.Workbook object at 0x0000000003C139E8>
[2017-10-12 23:15:22] [INFO] [(23, '是否能顺利跳转到无线wifi设置界面 ', 'Pass', '2017-10-12 23:15:05', '2017-10-12 23:15:22', '0:00:17', '')]
[2017-10-12 23:15:26] [INFO] <xlrd.book.Book object at 0x0000000003B4DFD0>
[2017-10-12 23:15:26] [INFO] <xlwt.Workbook.Workbook object at 0x0000000003C115C0>
[2017-10-12 23:15:48] [INFO] wifiname:frt_test
[2017-10-12 23:15:48] [INFO] wifiname:iot123321
[2017-10-12 23:15:48] [INFO] [(24, 'wifi页面默认项检查 ', 'Pass', '2017-10-12 23:15:31', '2017-10-12 23:15:48', '0:00:17', '')]
[2017-10-12 23:15:51] [INFO] <xlrd.book.Book object at 0x0000000003B4DF28>
[2017-10-12 23:15:51] [INFO] <xlwt.Workbook.Workbook object at 0x0000000003C92630>
[2017-10-12 23:18:24] [ERROR] Traceback (most recent call last):
  File "E:\wifitest\webpage\BasePage.py", line 48, in findElement
    elem = self.driver.find_element_by_id(value)
  File "C:\python\lib\site-packages\selenium\webdriver\remote\webdriver.py", line 269, in find_element_by_id
    return self.find_element(by=By.ID, value=id_)
  File "C:\python\lib\site-packages\selenium\webdriver\remote\webdriver.py", line 752, in find_element
    'value': value})['value']
  File "C:\python\lib\site-packages\selenium\webdriver\remote\webdriver.py", line 236, in execute
    self.error_handler.check_response(response)
  File "C:\python\lib\site-packages\selenium\webdriver\remote\errorhandler.py", line 192, in check_response
    raise exception_class(message, screen, stacktrace)
selenium.common.exceptions.NoSuchElementException: Message: no such element: Unable to locate element: {"method":"id","selector":"wifiName_24"}
  (Session info: chrome=61.0.3163.100)
  (Driver info: chromedriver=2.31.488763 (092de99f48a300323ecf8c2a4e2e7cab51de5ba8),platform=Windows NT 6.1.7601 SP1 x86_64)


During handling of the above exception, another exception occurred:

Traceback (most recent call last):
  File "E:\wifitest\testcase\test_wifi_name_legal.py", line 53, in test_wifi_name_legal
    changedwifiname=self.wifipage.get_wifi_name()
  File "E:\wifitest\webpage\WifiPage.py", line 41, in get_wifi_name
    wifiname=self.findElement(self.wifiname)
  File "E:\wifitest\webpage\BasePage.py", line 67, in findElement
    raise ValueError("No such element found" + str(element))
ValueError: No such element found('id', 'wifiName_24')

[2017-10-12 23:18:24] [INFO] [(25, 'wifi名称各种组合是否支持 ', 'error', '2017-10-12 23:15:56', '2017-10-12 23:18:24', '0:02:28', "No such element found('id', 'wifiName_24')")]
[2017-10-12 23:18:27] [INFO] <xlrd.book.Book object at 0x0000000003B4DFD0>
[2017-10-12 23:18:27] [INFO] <xlwt.Workbook.Workbook object at 0x0000000003CEF6A0>
[2017-10-12 23:18:50] [INFO] 请输入2.4G无线名称。
[2017-10-12 23:18:50] [INFO] [(26, '不输入wifi名称时的提示语检查 ', 'Pass', '2017-10-12 23:18:32', '2017-10-12 23:18:50', '0:00:18', '')]
[2017-10-12 23:18:53] [INFO] <xlrd.book.Book object at 0x0000000003B4DF98>
[2017-10-12 23:18:53] [INFO] <xlwt.Workbook.Workbook object at 0x0000000003C157F0>
[2017-10-12 23:19:40] [INFO] [(27, '不输入wifi密码时是否可以保存成功 ', 'Pass', '2017-10-12 23:18:58', '2017-10-12 23:19:40', '0:00:42', '')]
[2017-10-12 23:19:40] [INFO] 测试完成后恢复wifi密码
[2017-10-12 23:20:05] [INFO] <xlrd.book.Book object at 0x0000000003B4CF98>
[2017-10-12 23:20:05] [INFO] <xlwt.Workbook.Workbook object at 0x0000000003CC2978>
[2017-10-12 23:20:44] [INFO] [(28, '输入错误格式的wifi 密码，提示语检查 ', 'Pass', '2017-10-12 23:20:11', '2017-10-12 23:20:44', '0:00:33', '')]
[2017-10-12 23:20:44] [INFO] 测试完成恢复wifi密码
[2017-10-12 23:21:10] [INFO] <xlrd.book.Book object at 0x0000000003B4CF98>
[2017-10-12 23:21:10] [INFO] <xlwt.Workbook.Workbook object at 0x0000000003C9F978>
[2017-10-12 23:24:30] [INFO] [(29, '是否支持各种格式的wifi密码 ', 'Pass', '2017-10-12 23:21:16', '2017-10-12 23:24:30', '0:03:14', '')]
[2017-10-12 23:24:30] [INFO] 测试完成恢复wifi密码
[2017-10-12 23:25:02] [INFO] <xlrd.book.Book object at 0x0000000003B4CF98>
[2017-10-12 23:25:02] [INFO] <xlwt.Workbook.Workbook object at 0x0000000003CE5978>
[2017-10-12 23:25:37] [INFO] no found
[2017-10-12 23:25:37] [INFO] no found
[2017-10-12 23:25:37] [INFO] no found
[2017-10-12 23:25:37] [INFO] no found
[2017-10-12 23:25:37] [INFO] no found
[2017-10-12 23:25:37] [INFO] no found
[2017-10-12 23:25:37] [INFO] no found
[2017-10-12 23:25:37] [INFO] no found
[2017-10-12 23:25:37] [INFO] no found
[2017-10-12 23:25:37] [INFO] no found
[2017-10-12 23:25:37] [INFO] no found
[2017-10-12 23:25:37] [INFO] no found
[2017-10-12 23:25:37] [INFO] no found
[2017-10-12 23:25:37] [INFO] no found
[2017-10-12 23:25:37] [INFO] no found
[2017-10-12 23:25:37] [INFO] no found
[2017-10-12 23:25:37] [INFO] no found
[2017-10-12 23:25:37] [INFO] no found
[2017-10-12 23:25:37] [INFO] no found
[2017-10-12 23:25:37] [INFO] no found
[2017-10-12 23:25:37] [INFO] no found
[2017-10-12 23:25:37] [INFO] no found
[2017-10-12 23:25:37] [INFO] no found
[2017-10-12 23:25:37] [INFO] no found
[2017-10-12 23:25:37] [INFO] no found
[2017-10-12 23:25:37] [INFO] no found
[2017-10-12 23:25:37] [INFO] no found
[2017-10-12 23:25:37] [INFO] no found
[2017-10-12 23:25:37] [INFO] no found
[2017-10-12 23:25:37] [INFO] no found
[2017-10-12 23:25:37] [INFO] no found
[2017-10-12 23:25:37] [INFO] no found
[2017-10-12 23:25:37] [INFO] no found
[2017-10-12 23:25:37] [INFO] no found
[2017-10-12 23:25:37] [INFO] no found
[2017-10-12 23:25:37] [INFO] no found
[2017-10-12 23:25:37] [INFO] no found
[2017-10-12 23:25:37] [INFO] no found
[2017-10-12 23:25:37] [INFO] no found
[2017-10-12 23:25:37] [INFO] no found
[2017-10-12 23:25:37] [INFO] no found
[2017-10-12 23:25:37] [INFO] no found
[2017-10-12 23:25:37] [INFO] no found
[2017-10-12 23:25:37] [INFO] no found
[2017-10-12 23:25:37] [INFO] no found
[2017-10-12 23:25:37] [INFO] no found
[2017-10-12 23:25:37] [INFO] no found
[2017-10-12 23:25:37] [INFO] no found
[2017-10-12 23:25:37] [INFO] no found
[2017-10-12 23:25:37] [INFO] no found
[2017-10-12 23:25:37] [INFO] no found
[2017-10-12 23:25:37] [INFO] no found
[2017-10-12 23:25:37] [INFO] no found
[2017-10-12 23:25:37] [INFO] no found
[2017-10-12 23:25:37] [INFO] no found
[2017-10-12 23:25:37] [INFO] no found
[2017-10-12 23:25:37] [INFO] no found
[2017-10-12 23:25:37] [INFO] no found
[2017-10-12 23:25:37] [INFO] no found
[2017-10-12 23:25:37] [INFO] no found
[2017-10-12 23:25:37] [INFO] no found
[2017-10-12 23:25:37] [INFO] no found
[2017-10-12 23:25:37] [INFO] no found
[2017-10-12 23:25:37] [INFO] no found
[2017-10-12 23:25:37] [INFO] no found
[2017-10-12 23:25:37] [INFO] no found
[2017-10-12 23:25:37] [INFO] no found
[2017-10-12 23:25:37] [INFO] no found
[2017-10-12 23:25:37] [INFO] no found
[2017-10-12 23:25:37] [INFO] no found
[2017-10-12 23:25:37] [INFO] no found
[2017-10-12 23:25:37] [INFO] no found
[2017-10-12 23:25:37] [INFO] no found
[2017-10-12 23:25:37] [INFO] no found
[2017-10-12 23:25:37] [INFO] no found
[2017-10-12 23:25:37] [INFO] no found
[2017-10-12 23:25:37] [INFO] no found
[2017-10-12 23:25:37] [INFO] no found
[2017-10-12 23:25:37] [INFO] no found
[2017-10-12 23:25:37] [INFO] no found
[2017-10-12 23:25:37] [INFO] no found
[2017-10-12 23:25:37] [INFO] no found
[2017-10-12 23:25:37] [INFO] no found
[2017-10-12 23:25:37] [INFO] no found
[2017-10-12 23:25:37] [INFO] no found
[2017-10-12 23:25:37] [INFO] no found
[2017-10-12 23:25:37] [INFO] no found
[2017-10-12 23:25:37] [INFO] no found
[2017-10-12 23:25:37] [INFO] no found
[2017-10-12 23:25:37] [INFO] no found
[2017-10-12 23:25:37] [INFO] no found
[2017-10-12 23:25:37] [INFO] no found
[2017-10-12 23:25:37] [INFO] no found
[2017-10-12 23:25:37] [INFO] no found
[2017-10-12 23:25:37] [INFO] no found
[2017-10-12 23:25:37] [INFO] no found
[2017-10-12 23:25:37] [INFO] no found
[2017-10-12 23:25:37] [INFO] no found
[2017-10-12 23:25:37] [INFO] no found
[2017-10-12 23:25:37] [INFO] no found
[2017-10-12 23:25:37] [INFO] no found
[2017-10-12 23:25:37] [INFO] no found
[2017-10-12 23:25:37] [INFO] no found
[2017-10-12 23:25:37] [INFO] no found
[2017-10-12 23:25:37] [INFO] no found
[2017-10-12 23:25:37] [INFO] no found
[2017-10-12 23:25:37] [INFO] no found
[2017-10-12 23:25:37] [INFO] no found
[2017-10-12 23:25:37] [INFO] no found
[2017-10-12 23:25:37] [INFO] no found
[2017-10-12 23:25:37] [INFO] no found
[2017-10-12 23:25:37] [INFO] no found
[2017-10-12 23:25:37] [INFO] no found
[2017-10-12 23:25:37] [INFO] no found
[2017-10-12 23:25:37] [INFO] no found
[2017-10-12 23:25:37] [INFO] no found
[2017-10-12 23:25:37] [INFO] no found
[2017-10-12 23:25:37] [INFO] no found
[2017-10-12 23:25:37] [INFO] no found
[2017-10-12 23:25:37] [INFO] no found
[2017-10-12 23:25:37] [INFO] no found
[2017-10-12 23:25:37] [INFO] no found
[2017-10-12 23:25:37] [INFO] no found
[2017-10-12 23:25:37] [INFO] no found
[2017-10-12 23:25:37] [INFO] no found
[2017-10-12 23:25:37] [INFO] no found
[2017-10-12 23:25:37] [INFO] no found
[2017-10-12 23:25:37] [INFO] no found
[2017-10-12 23:25:37] [INFO] no found
[2017-10-12 23:25:37] [INFO] no found
[2017-10-12 23:25:37] [INFO] no found
[2017-10-12 23:25:37] [INFO] no found
[2017-10-12 23:25:37] [INFO] no found
[2017-10-12 23:25:37] [INFO] no found
[2017-10-12 23:25:37] [INFO] no found
[2017-10-12 23:25:37] [INFO] no found
[2017-10-12 23:25:37] [INFO] no found
[2017-10-12 23:25:37] [INFO] no found
[2017-10-12 23:25:37] [INFO] no found
[2017-10-12 23:25:37] [INFO] [(30, '关闭wifi 后，查看电脑的无线列表 ', 'Pass', '2017-10-12 23:25:09', '2017-10-12 23:25:37', '0:00:28', '')]
[2017-10-12 23:25:37] [INFO] 测试完成后恢复到wifi打开的状态
[2017-10-12 23:25:45] [INFO] <xlrd.book.Book object at 0x0000000003B4BFD0>
[2017-10-12 23:25:45] [INFO] <xlwt.Workbook.Workbook object at 0x0000000003C99A20>
[2017-10-12 23:26:45] [INFO] no found
[2017-10-12 23:26:45] [INFO] no found
[2017-10-12 23:26:45] [INFO] no found
[2017-10-12 23:26:45] [INFO] no found
[2017-10-12 23:26:45] [INFO] no found
[2017-10-12 23:26:45] [INFO] no found
[2017-10-12 23:26:45] [INFO] no found
[2017-10-12 23:26:45] [INFO] no found
[2017-10-12 23:26:45] [INFO] no found
[2017-10-12 23:26:45] [INFO] no found
[2017-10-12 23:26:45] [INFO] no found
[2017-10-12 23:26:45] [INFO] no found
[2017-10-12 23:26:45] [INFO] no found
[2017-10-12 23:26:45] [INFO] no found
[2017-10-12 23:26:45] [INFO] no found
[2017-10-12 23:26:45] [INFO] no found
[2017-10-12 23:26:45] [INFO] no found
[2017-10-12 23:26:45] [INFO] no found
[2017-10-12 23:26:45] [INFO] no found
[2017-10-12 23:26:45] [INFO] no found
[2017-10-12 23:26:45] [INFO] no found
[2017-10-12 23:26:45] [INFO] no found
[2017-10-12 23:26:45] [INFO] no found
[2017-10-12 23:26:45] [INFO] no found
[2017-10-12 23:26:45] [INFO] no found
[2017-10-12 23:26:45] [INFO] no found
[2017-10-12 23:26:45] [INFO] no found
[2017-10-12 23:26:45] [INFO] no found
[2017-10-12 23:26:45] [INFO] no found
[2017-10-12 23:26:45] [INFO] no found
[2017-10-12 23:26:45] [INFO] no found
[2017-10-12 23:26:45] [INFO] no found
[2017-10-12 23:26:45] [INFO] no found
[2017-10-12 23:26:45] [INFO] no found
[2017-10-12 23:26:45] [INFO] no found
[2017-10-12 23:26:45] [INFO] no found
[2017-10-12 23:26:45] [INFO] no found
[2017-10-12 23:26:45] [INFO] no found
[2017-10-12 23:26:45] [INFO] no found
[2017-10-12 23:26:45] [INFO] no found
[2017-10-12 23:26:45] [INFO] no found
[2017-10-12 23:26:45] [INFO] no found
[2017-10-12 23:26:45] [INFO] no found
[2017-10-12 23:26:45] [INFO] no found
[2017-10-12 23:26:45] [INFO] no found
[2017-10-12 23:26:45] [INFO] no found
[2017-10-12 23:26:45] [INFO] no found
[2017-10-12 23:26:45] [INFO] no found
[2017-10-12 23:26:45] [INFO] no found
[2017-10-12 23:26:45] [INFO] no found
[2017-10-12 23:26:45] [INFO] no found
[2017-10-12 23:26:45] [INFO] no found
[2017-10-12 23:26:45] [INFO] no found
[2017-10-12 23:26:45] [INFO] no found
[2017-10-12 23:26:45] [INFO] no found
[2017-10-12 23:26:45] [INFO] no found
[2017-10-12 23:26:45] [INFO] no found
[2017-10-12 23:26:45] [INFO] no found
[2017-10-12 23:26:45] [INFO] no found
[2017-10-12 23:26:45] [INFO] no found
[2017-10-12 23:26:45] [INFO] no found
[2017-10-12 23:26:45] [INFO] no found
[2017-10-12 23:26:45] [INFO] no found
[2017-10-12 23:26:45] [INFO] no found
[2017-10-12 23:26:45] [INFO] no found
[2017-10-12 23:26:45] [INFO] no found
[2017-10-12 23:26:45] [INFO] no found
[2017-10-12 23:26:45] [INFO] no found
[2017-10-12 23:26:45] [INFO] no found
[2017-10-12 23:26:45] [INFO] no found
[2017-10-12 23:26:45] [INFO] no found
[2017-10-12 23:26:45] [INFO] no found
[2017-10-12 23:26:45] [INFO] no found
[2017-10-12 23:26:45] [INFO] no found
[2017-10-12 23:26:45] [INFO] no found
[2017-10-12 23:26:45] [INFO] no found
[2017-10-12 23:26:45] [INFO] no found
[2017-10-12 23:26:45] [INFO] no found
[2017-10-12 23:26:45] [INFO] no found
[2017-10-12 23:26:45] [INFO] no found
[2017-10-12 23:26:45] [INFO] no found
[2017-10-12 23:26:45] [INFO] no found
[2017-10-12 23:26:45] [INFO] no found
[2017-10-12 23:26:45] [INFO] no found
[2017-10-12 23:26:45] [INFO] no found
[2017-10-12 23:26:45] [INFO] no found
[2017-10-12 23:26:45] [INFO] no found
[2017-10-12 23:26:45] [INFO] no found
[2017-10-12 23:26:45] [INFO] no found
[2017-10-12 23:26:45] [INFO] no found
[2017-10-12 23:26:45] [INFO] no found
[2017-10-12 23:26:45] [INFO] no found
[2017-10-12 23:26:45] [INFO] no found
[2017-10-12 23:26:45] [INFO] no found
[2017-10-12 23:26:45] [INFO] no found
[2017-10-12 23:26:45] [INFO] no found
[2017-10-12 23:26:45] [INFO] no found
[2017-10-12 23:26:45] [INFO] no found
[2017-10-12 23:26:45] [INFO] no found
[2017-10-12 23:26:45] [INFO] no found
[2017-10-12 23:26:45] [INFO] no found
[2017-10-12 23:26:45] [INFO] no found
[2017-10-12 23:26:45] [INFO] no found
[2017-10-12 23:26:45] [INFO] no found
[2017-10-12 23:26:45] [INFO] no found
[2017-10-12 23:26:45] [INFO] no found
[2017-10-12 23:26:45] [INFO] no found
[2017-10-12 23:26:45] [INFO] no found
[2017-10-12 23:26:45] [INFO] no found
[2017-10-12 23:26:45] [INFO] no found
[2017-10-12 23:26:45] [INFO] no found
[2017-10-12 23:26:45] [INFO] no found
[2017-10-12 23:26:45] [INFO] no found
[2017-10-12 23:26:45] [INFO] no found
[2017-10-12 23:26:45] [INFO] no found
[2017-10-12 23:26:45] [INFO] no found
[2017-10-12 23:26:45] [INFO] no found
[2017-10-12 23:26:45] [INFO] no found
[2017-10-12 23:26:45] [INFO] no found
[2017-10-12 23:26:45] [INFO] [(31, '关闭SSID,查看电脑列表能否搜索到wifi名称 ', 'Pass', '2017-10-12 23:25:52', '2017-10-12 23:26:45', '0:00:53', '')]
[2017-10-12 23:26:45] [INFO] 测试完成后关闭ssid隐藏
[2017-10-12 23:27:09] [INFO] <xlrd.book.Book object at 0x0000000003B4BF98>
[2017-10-12 23:27:09] [INFO] <xlwt.Workbook.Workbook object at 0x0000000003C17A20>
[2017-10-12 23:27:40] [INFO] [(32, '不输入原密码时的提示信息检查 ', 'Pass', '2017-10-12 23:27:15', '2017-10-12 23:27:40', '0:00:25', '')]
[2017-10-12 23:27:43] [INFO] <xlrd.book.Book object at 0x0000000003B82D68>
[2017-10-12 23:27:43] [INFO] <xlwt.Workbook.Workbook object at 0x0000000003C19780>
[2017-10-12 23:28:20] [INFO] [(33, '不输入新密码时的提示信息检查 ', 'Pass', '2017-10-12 23:27:50', '2017-10-12 23:28:20', '0:00:30', '')]
[2017-10-12 23:28:23] [INFO] <xlrd.book.Book object at 0x0000000003B83D68>
[2017-10-12 23:28:23] [INFO] <xlwt.Workbook.Workbook object at 0x0000000003C1E7F0>
[2017-10-12 23:28:56] [INFO] [(34, '确认密码不输入时提示信息检查 ', 'Pass', '2017-10-12 23:28:28', '2017-10-12 23:28:56', '0:00:28', '')]
[2017-10-12 23:28:59] [INFO] <xlrd.book.Book object at 0x0000000003BBA6A0>
[2017-10-12 23:28:59] [INFO] <xlwt.Workbook.Workbook object at 0x0000000003C23B70>
[2017-10-12 23:29:35] [INFO] [(35, '确认密码与新密码不一致时的提示信息检查 ', 'Pass', '2017-10-12 23:29:06', '2017-10-12 23:29:35', '0:00:29', '')]
[2017-10-12 23:29:38] [INFO] <xlrd.book.Book object at 0x0000000003BBB5C0>
[2017-10-12 23:29:38] [INFO] <xlwt.Workbook.Workbook object at 0x0000000003C24B38>
[2017-10-12 23:30:12] [INFO] [(36, '原密码错误时提示信息检查 ', 'Pass', '2017-10-12 23:29:43', '2017-10-12 23:30:12', '0:00:29', '')]
[2017-10-12 23:30:15] [INFO] <xlrd.book.Book object at 0x0000000003BBA860>
[2017-10-12 23:30:15] [INFO] <xlwt.Workbook.Workbook object at 0x0000000003D22C50>
[2017-10-12 23:30:49] [INFO] [(37, '新密码格式错误时提示信息检查 ', 'Pass', '2017-10-12 23:30:21', '2017-10-12 23:30:49', '0:00:28', '')]
[2017-10-12 23:30:52] [INFO] <xlrd.book.Book object at 0x0000000003B82DA0>
[2017-10-12 23:30:53] [INFO] <xlwt.Workbook.Workbook object at 0x0000000003C1F9B0>
[2017-10-12 23:31:57] [INFO] [(38, '修改登录密码查看是否可以登录成功', 'Pass', '2017-10-12 23:30:58', '2017-10-12 23:31:57', '0:00:59', '')]
[2017-10-12 23:31:57] [INFO] 测试完成恢复登录密码
[2017-10-12 23:32:12] [INFO] <xlrd.book.Book object at 0x0000000003B82D68>
[2017-10-12 23:32:12] [INFO] <xlwt.Workbook.Workbook object at 0x0000000003C27748>
[2017-10-12 23:32:52] [INFO] [(39, '检查时区能否正确改变 ', 'Pass', '2017-10-12 23:32:19', '2017-10-12 23:32:52', '0:00:33', '')]
[2017-10-12 23:32:52] [INFO] 测试完成恢复时区
[2017-10-12 23:32:57] [INFO] <xlrd.book.Book object at 0x0000000003B82D68>
[2017-10-12 23:32:57] [INFO] <xlwt.Workbook.Workbook object at 0x0000000003C9D7F0>
[2017-10-12 23:33:33] [INFO] ./upgrade/upload.exe E:\wifitest\upgrade\eeee.png
[2017-10-12 23:33:33] [INFO] 开始用autoit3脚本控制选择本地文件
[2017-10-12 23:33:47] [INFO] [(40, '上传错误的升级文件时，错误提示 ', 'Pass', '2017-10-12 23:33:02', '2017-10-12 23:33:47', '0:00:45', '')]
[2017-10-12 23:33:50] [INFO] <xlrd.book.Book object at 0x0000000003B82DA0>
[2017-10-12 23:33:50] [INFO] <xlwt.Workbook.Workbook object at 0x0000000003C1EA20>
[2017-10-12 23:35:48] [INFO] [(41, '重启功能检查 ', 'Pass', '2017-10-12 23:33:55', '2017-10-12 23:35:48', '0:01:53', '')]
[2017-10-12 23:35:51] [INFO] <xlrd.book.Book object at 0x0000000003B83D30>
[2017-10-12 23:35:51] [INFO] <xlwt.Workbook.Workbook object at 0x0000000003D889B0>
[2017-10-12 23:36:26] [INFO] [(42, '取消重启检查 ', 'Pass', '2017-10-12 23:35:57', '2017-10-12 23:36:26', '0:00:29', '')]
[2017-10-12 23:36:29] [INFO] <xlrd.book.Book object at 0x0000000003B83D68>
[2017-10-12 23:36:29] [INFO] <xlwt.Workbook.Workbook object at 0x0000000003C1CA58>
[2017-10-12 23:36:50] [INFO] [(43, '退出系统 ', 'Pass', '2017-10-12 23:36:35', '2017-10-12 23:36:50', '0:00:15', '')]
[2017-10-12 23:36:53] [INFO] <xlrd.book.Book object at 0x0000000003B84588>
[2017-10-12 23:36:53] [INFO] <xlwt.Workbook.Workbook object at 0x0000000003C0FB00>
[2017-10-12 23:36:53] [INFO] 发送邮件
